[0.004s][info][gc] Using Serial
[3,292s][info][gc] GC(0) Pause Young (Allocation Failure) 4M->2M(15M) 5,085ms
[3,392s][info][gc] GC(1) Pause Young (Allocation Failure) 6M->2M(15M) 3,819ms
[3,470s][info][gc] GC(2) Pause Young (Allocation Failure) 7M->4M(15M) 4,834ms
[3,716s][info][gc] GC(3) Pause Young (Allocation Failure) 8M->4M(15M) 3,489ms
[7,024s][info][gc] GC(4) Pause Young (Allocation Failure) 8M->5M(15M) 12,574ms
[44,020s][info][gc] GC(5) Pause Young (Allocation Failure) 9M->5M(15M) 6,348ms
[58,248s][info][gc] GC(6) Pause Young (Allocation Failure) 9M->5M(15M) 0,725ms
[58,260s][info][gc] GC(7) Pause Young (Allocation Failure) 9M->5M(15M) 0,655ms
[58,269s][info][gc] GC(8) Pause Young (Allocation Failure) 9M->5M(15M) 0,712ms
[58,279s][info][gc] GC(9) Pause Young (Allocation Failure) 9M->5M(15M) 0,517ms
[58,289s][info][gc] GC(10) Pause Young (Allocation Failure) 9M->5M(15M) 0,623ms
[58,298s][info][gc] GC(11) Pause Young (Allocation Failure) 9M->5M(15M) 0,633ms
[58,308s][info][gc] GC(12) Pause Young (Allocation Failure) 9M->5M(15M) 0,629ms
[58,317s][info][gc] GC(13) Pause Young (Allocation Failure) 9M->5M(15M) 0,632ms
[58,325s][info][gc] GC(14) Pause Young (Allocation Failure) 9M->5M(15M) 0,815ms
[58,332s][info][gc] GC(15) Pause Young (Allocation Failure) 9M->5M(15M) 0,614ms
[58,338s][info][gc] GC(16) Pause Young (Allocation Failure) 9M->5M(15M) 0,564ms
[58,343s][info][gc] GC(17) Pause Young (Allocation Failure) 9M->5M(15M) 0,689ms
[58,348s][info][gc] GC(18) Pause Young (Allocation Failure) 9M->5M(15M) 0,757ms
[58,352s][info][gc] GC(19) Pause Young (Allocation Failure) 9M->5M(15M) 0,727ms
[58,357s][info][gc] GC(20) Pause Young (Allocation Failure) 9M->5M(15M) 0,634ms
[58,361s][info][gc] GC(21) Pause Young (Allocation Failure) 9M->5M(15M) 0,441ms
[58,365s][info][gc] GC(22) Pause Young (Allocation Failure) 9M->5M(15M) 0,337ms
[58,369s][info][gc] GC(23) Pause Young (Allocation Failure) 9M->5M(15M) 0,253ms
[92,028s][info][gc] GC(24) Pause Young (Allocation Failure) 9M->5M(15M) 1,454ms
[132,024s][info][gc] GC(25) Pause Young (Allocation Failure) 9M->5M(15M) 0,567ms
[151,820s][info][gc] GC(26) Pause Young (Allocation Failure) 9M->5M(15M) 0,800ms
[151,828s][info][gc] GC(27) Pause Young (Allocation Failure) 9M->5M(15M) 0,570ms
[151,834s][info][gc] GC(28) Pause Young (Allocation Failure) 9M->5M(15M) 0,513ms
[151,837s][info][gc] GC(29) Pause Young (Allocation Failure) 9M->5M(15M) 0,515ms
[151,841s][info][gc] GC(30) Pause Young (Allocation Failure) 9M->5M(15M) 0,532ms
[151,845s][info][gc] GC(31) Pause Young (Allocation Failure) 9M->5M(15M) 0,490ms
[151,849s][info][gc] GC(32) Pause Young (Allocation Failure) 9M->5M(15M) 0,427ms
[151,853s][info][gc] GC(33) Pause Young (Allocation Failure) 9M->5M(15M) 0,658ms
[151,857s][info][gc] GC(34) Pause Young (Allocation Failure) 9M->5M(15M) 0,486ms
[151,861s][info][gc] GC(35) Pause Young (Allocation Failure) 9M->5M(15M) 0,445ms
[151,865s][info][gc] GC(36) Pause Young (Allocation Failure) 9M->5M(15M) 0,532ms
[151,869s][info][gc] GC(37) Pause Young (Allocation Failure) 9M->5M(15M) 0,497ms
[151,872s][info][gc] GC(38) Pause Young (Allocation Failure) 9M->5M(15M) 0,458ms
[151,876s][info][gc] GC(39) Pause Young (Allocation Failure) 9M->5M(15M) 0,414ms
[151,880s][info][gc] GC(40) Pause Young (Allocation Failure) 9M->5M(15M) 0,526ms
[151,884s][info][gc] GC(41) Pause Young (Allocation Failure) 9M->5M(15M) 0,404ms
[151,887s][info][gc] GC(42) Pause Young (Allocation Failure) 9M->5M(15M) 0,350ms
[151,890s][info][gc] GC(43) Pause Young (Allocation Failure) 9M->5M(15M) 0,392ms
[191,101s][info][gc] GC(44) Pause Young (Allocation Failure) 9M->5M(15M) 0,541ms
[232,530s][info][gc] GC(45) Pause Young (Allocation Failure) 9M->5M(15M) 0,517ms
