[2024-11-14T12:30:10.379+0300][info][gc] Using The Z Garbage Collector
[2024-11-14T12:30:10.581+0300][info][gc] GC(0) Garbage Collection (Warmup) 2M(11%)->4M(22%)
[2024-11-14T12:30:10.659+0300][info][gc] GC(1) Garbage Collection (Warmup) 4M(22%)->4M(22%)
[2024-11-14T12:30:11.658+0300][info][gc] GC(2) Garbage Collection (Warmup) 6M(33%)->4M(22%)
[2024-11-14T12:30:12.897+0300][info][gc] GC(3) Garbage Collection (Allocation Rate) 16M(89%)->10M(56%)
[2024-11-14T12:30:12.989+0300][info][gc] GC(4) Garbage Collection (Allocation Rate) 12M(67%)->8M(44%)
[2024-11-14T12:30:13.078+0300][info][gc] GC(5) Garbage Collection (Allocation Rate) 8M(44%)->8M(44%)
[2024-11-14T12:30:13.173+0300][info][gc] GC(6) Garbage Collection (Allocation Rate) 8M(44%)->8M(44%)
[2024-11-14T12:30:13.282+0300][info][gc] GC(7) Garbage Collection (Allocation Rate) 8M(44%)->8M(44%)
[2024-11-14T12:30:13.392+0300][info][gc] GC(8) Garbage Collection (Allocation Rate) 8M(44%)->8M(44%)
[2024-11-14T12:30:13.498+0300][info][gc] GC(9) Garbage Collection (Allocation Rate) 8M(44%)->8M(44%)
[2024-11-14T12:30:13.612+0300][info][gc] GC(10) Garbage Collection (Allocation Rate) 8M(44%)->8M(44%)
[2024-11-14T12:30:13.695+0300][info][gc] GC(11) Garbage Collection (Allocation Rate) 8M(44%)->10M(56%)
[2024-11-14T12:30:13.779+0300][info][gc] GC(12) Garbage Collection (Allocation Rate) 10M(56%)->10M(56%)
[2024-11-14T12:30:13.881+0300][info][gc] GC(13) Garbage Collection (Allocation Rate) 10M(56%)->10M(56%)
[2024-11-14T12:30:14.153+0300][info][gc] GC(14) Garbage Collection (Allocation Rate) 10M(56%)->10M(56%)
[2024-11-14T12:30:14.254+0300][info][gc] GC(15) Garbage Collection (Allocation Rate) 10M(56%)->10M(56%)
[2024-11-14T12:30:14.356+0300][info][gc] GC(16) Garbage Collection (Allocation Rate) 10M(56%)->10M(56%)
[2024-11-14T12:30:19.772+0300][info][gc] GC(17) Garbage Collection (Proactive) 12M(67%)->10M(56%)
[2024-11-14T12:30:26.779+0300][info][gc] GC(18) Garbage Collection (Proactive) 12M(67%)->10M(56%)
[2024-11-14T12:30:29.562+0300][info][gc] GC(19) Garbage Collection (Proactive) 12M(67%)->8M(44%)
[2024-11-14T12:30:30.383+0300][info][gc] GC(20) Garbage Collection (Allocation Rate) 16M(89%)->14M(78%)
[2024-11-14T12:30:30.385+0300][info][gc] Allocation Stall (main) 3,801ms
[2024-11-14T12:30:30.449+0300][info][gc] Allocation Stall (main) 37,344ms
[2024-11-14T12:30:30.458+0300][info][gc] GC(21) Garbage Collection (Allocation Stall) 18M(100%)->16M(89%)
[2024-11-14T12:30:30.478+0300][info][gc] Allocation Stall (main) 15,406ms
[2024-11-14T12:30:30.483+0300][info][gc] GC(22) Garbage Collection (Allocation Stall) 18M(100%)->14M(78%)
[2024-11-14T12:30:30.518+0300][info][gc] Allocation Stall (main) 18,572ms
[2024-11-14T12:30:30.519+0300][info][gc] GC(23) Garbage Collection (Allocation Stall) 18M(100%)->16M(89%)
[2024-11-14T12:30:30.538+0300][info][gc] Allocation Stall (main) 14,841ms
[2024-11-14T12:30:30.540+0300][info][gc] GC(24) Garbage Collection (Allocation Stall) 18M(100%)->18M(100%)
[2024-11-14T12:30:30.540+0300][info][gc] Allocation Stall (main) 0,203ms
[2024-11-14T12:30:30.559+0300][info][gc] Allocation Stall (main) 11,585ms
[2024-11-14T12:30:30.559+0300][info][gc] GC(25) Garbage Collection (Allocation Stall) 18M(100%)->18M(100%)
[2024-11-14T12:30:30.657+0300][info][gc] GC(26) Garbage Collection (Allocation Stall) 18M(100%)->8M(44%)
[2024-11-14T12:30:30.787+0300][info][gc] GC(27) Garbage Collection (Allocation Rate) 10M(56%)->10M(56%)
[2024-11-14T12:30:30.859+0300][info][gc] GC(28) Garbage Collection (Allocation Rate) 10M(56%)->8M(44%)
[2024-11-14T12:30:30.958+0300][info][gc] GC(29) Garbage Collection (Allocation Rate) 8M(44%)->8M(44%)
[2024-11-14T12:30:31.055+0300][info][gc] GC(30) Garbage Collection (Allocation Rate) 8M(44%)->8M(44%)
[2024-11-14T12:30:31.155+0300][info][gc] GC(31) Garbage Collection (Allocation Rate) 8M(44%)->8M(44%)
[2024-11-14T12:30:31.255+0300][info][gc] GC(32) Garbage Collection (Allocation Rate) 8M(44%)->8M(44%)
[2024-11-14T12:30:31.355+0300][info][gc] GC(33) Garbage Collection (Allocation Rate) 8M(44%)->8M(44%)
[2024-11-14T12:30:31.555+0300][info][gc] GC(34) Garbage Collection (Allocation Rate) 8M(44%)->8M(44%)
[2024-11-14T12:30:31.653+0300][info][gc] GC(35) Garbage Collection (Allocation Rate) 8M(44%)->8M(44%)
[2024-11-14T12:30:31.774+0300][info][gc] GC(36) Garbage Collection (Allocation Rate) 10M(56%)->10M(56%)
[2024-11-14T12:30:31.856+0300][info][gc] GC(37) Garbage Collection (Allocation Rate) 10M(56%)->10M(56%)
[2024-11-14T12:30:31.954+0300][info][gc] GC(38) Garbage Collection (Allocation Rate) 10M(56%)->10M(56%)
[2024-11-14T12:30:32.054+0300][info][gc] GC(39) Garbage Collection (Allocation Rate) 10M(56%)->10M(56%)
[2024-11-14T12:30:32.155+0300][info][gc] GC(40) Garbage Collection (Allocation Rate) 10M(56%)->10M(56%)
[2024-11-14T12:30:32.254+0300][info][gc] GC(41) Garbage Collection (Allocation Rate) 10M(56%)->10M(56%)
[2024-11-14T12:30:32.355+0300][info][gc] GC(42) Garbage Collection (Allocation Rate) 10M(56%)->10M(56%)
[2024-11-14T12:30:33.255+0300][info][gc] GC(43) Garbage Collection (Proactive) 12M(67%)->10M(56%)
[2024-11-14T12:30:34.175+0300][info][gc] GC(44) Garbage Collection (Proactive) 12M(67%)->10M(56%)
[2024-11-14T12:30:37.070+0300][info][gc] GC(45) Garbage Collection (Proactive) 12M(67%)->10M(56%)
[2024-11-14T12:30:37.688+0300][info][gc] GC(46) Garbage Collection (Allocation Rate) 14M(78%)->12M(67%)
[2024-11-14T12:30:37.776+0300][info][gc] GC(47) Garbage Collection (Allocation Rate) 14M(78%)->12M(67%)
[2024-11-14T12:30:37.872+0300][info][gc] GC(48) Garbage Collection (Allocation Rate) 12M(67%)->12M(67%)
[2024-11-14T12:30:37.972+0300][info][gc] GC(49) Garbage Collection (Allocation Rate) 12M(67%)->12M(67%)
[2024-11-14T12:30:38.072+0300][info][gc] GC(50) Garbage Collection (Allocation Rate) 12M(67%)->12M(67%)
[2024-11-14T12:30:38.173+0300][info][gc] GC(51) Garbage Collection (Allocation Rate) 12M(67%)->12M(67%)
[2024-11-14T12:30:38.894+0300][info][gc] GC(52) Garbage Collection (Allocation Rate) 14M(78%)->12M(67%)
[2024-11-14T12:30:42.972+0300][info][gc] GC(53) Garbage Collection (Proactive) 14M(78%)->12M(67%)
[2024-11-14T12:30:43.871+0300][info][gc] GC(54) Garbage Collection (Allocation Rate) 14M(78%)->12M(67%)
[2024-11-14T12:30:46.474+0300][info][gc] GC(55) Garbage Collection (Proactive) 14M(78%)->12M(67%)
[2024-11-14T12:30:48.676+0300][info][gc] GC(56) Garbage Collection (Proactive) 14M(78%)->12M(67%)
[2024-11-14T12:30:50.871+0300][info][gc] GC(57) Garbage Collection (Proactive) 14M(78%)->12M(67%)
[2024-11-14T12:30:52.972+0300][info][gc] GC(58) Garbage Collection (Proactive) 14M(78%)->12M(67%)
[2024-11-14T12:30:54.882+0300][info][gc] GC(59) Garbage Collection (Proactive) 14M(78%)->12M(67%)
[2024-11-14T12:30:57.676+0300][info][gc] GC(60) Garbage Collection (Proactive) 14M(78%)->12M(67%)
[2024-11-14T12:31:00.071+0300][info][gc] GC(61) Garbage Collection (Proactive) 14M(78%)->12M(67%)
[2024-11-14T12:31:02.374+0300][info][gc] GC(62) Garbage Collection (Proactive) 14M(78%)->12M(67%)
[2024-11-14T12:31:04.576+0300][info][gc] GC(63) Garbage Collection (Proactive) 14M(78%)->12M(67%)
[2024-11-14T12:31:06.797+0300][info][gc] GC(64) Garbage Collection (Proactive) 14M(78%)->12M(67%)
[2024-11-14T12:31:07.575+0300][info][gc] GC(65) Garbage Collection (Allocation Rate) 14M(78%)->12M(67%)
[2024-11-14T12:31:07.782+0300][info][gc] GC(66) Garbage Collection (Allocation Rate) 14M(78%)->12M(67%)
[2024-11-14T12:31:10.877+0300][info][gc] GC(67) Garbage Collection (Proactive) 14M(78%)->12M(67%)
[2024-11-14T12:31:13.573+0300][info][gc] GC(68) Garbage Collection (Proactive) 14M(78%)->12M(67%)
[2024-11-14T12:31:15.892+0300][info][gc] GC(69) Garbage Collection (Proactive) 14M(78%)->12M(67%)
[2024-11-14T12:31:16.879+0300][info][gc] GC(70) Garbage Collection (Allocation Rate) 14M(78%)->12M(67%)
[2024-11-14T12:31:19.973+0300][info][gc] GC(71) Garbage Collection (Proactive) 14M(78%)->12M(67%)
[2024-11-14T12:31:22.776+0300][info][gc] GC(72) Garbage Collection (Proactive) 14M(78%)->14M(78%)
[2024-11-14T12:31:34.819+0300][info][gc] GC(73) Garbage Collection (Allocation Rate) 16M(89%)->14M(78%)
[2024-11-14T12:31:34.884+0300][info][gc] GC(74) Garbage Collection (Allocation Rate) 14M(78%)->10M(56%)
[2024-11-14T12:31:39.883+0300][info][gc] GC(75) Garbage Collection (Proactive) 12M(67%)->10M(56%)
[2024-11-14T12:31:43.577+0300][info][gc] GC(76) Garbage Collection (Proactive) 12M(67%)->12M(67%)
[2024-11-14T12:31:43.972+0300][info][gc] GC(77) Garbage Collection (Allocation Rate) 14M(78%)->12M(67%)
[2024-11-14T12:31:46.483+0300][info][gc] GC(78) Garbage Collection (Proactive) 14M(78%)->12M(67%)
[2024-11-14T12:31:46.884+0300][info][gc] GC(79) Garbage Collection (Allocation Rate) 14M(78%)->12M(67%)
[2024-11-14T12:31:50.375+0300][info][gc] GC(80) Garbage Collection (Proactive) 14M(78%)->12M(67%)
[2024-11-14T12:31:53.172+0300][info][gc] GC(81) Garbage Collection (Proactive) 14M(78%)->12M(67%)
[2024-11-14T12:31:55.578+0300][info][gc] GC(82) Garbage Collection (Proactive) 14M(78%)->12M(67%)
[2024-11-14T12:31:57.981+0300][info][gc] GC(83) Garbage Collection (Proactive) 14M(78%)->12M(67%)
[2024-11-14T12:31:58.969+0300][info][gc] GC(84) Garbage Collection (Allocation Rate) 14M(78%)->12M(67%)
[2024-11-14T12:32:01.582+0300][info][gc] GC(85) Garbage Collection (Proactive) 14M(78%)->12M(67%)
[2024-11-14T12:32:01.977+0300][info][gc] GC(86) Garbage Collection (Allocation Rate) 14M(78%)->12M(67%)
[2024-11-14T12:32:04.473+0300][info][gc] GC(87) Garbage Collection (Proactive) 14M(78%)->12M(67%)
[2024-11-14T12:32:06.677+0300][info][gc] GC(88) Garbage Collection (Proactive) 14M(78%)->12M(67%)
[2024-11-14T12:32:08.868+0300][info][gc] GC(89) Garbage Collection (Proactive) 14M(78%)->12M(67%)
[2024-11-14T12:32:11.070+0300][info][gc] GC(90) Garbage Collection (Proactive) 14M(78%)->12M(67%)
[2024-11-14T12:32:13.074+0300][info][gc] GC(91) Garbage Collection (Proactive) 14M(78%)->12M(67%)
[2024-11-14T12:32:15.179+0300][info][gc] GC(92) Garbage Collection (Proactive) 14M(78%)->12M(67%)
[2024-11-14T12:32:17.771+0300][info][gc] GC(93) Garbage Collection (Proactive) 14M(78%)->14M(78%)
[2024-11-14T12:32:29.771+0300][info][gc] GC(94) Garbage Collection (Allocation Rate) 16M(89%)->12M(67%)
[2024-11-14T12:32:29.872+0300][info][gc] GC(95) Garbage Collection (Allocation Rate) 14M(78%)->10M(56%)
[2024-11-14T12:32:31.898+0300][info][gc] GC(96) Garbage Collection (Proactive) 12M(67%)->10M(56%)
[2024-11-14T12:32:36.383+0300][info][gc] GC(97) Garbage Collection (Proactive) 12M(67%)->12M(67%)
[2024-11-14T12:32:36.876+0300][info][gc] GC(98) Garbage Collection (Allocation Rate) 14M(78%)->12M(67%)
[2024-11-14T12:32:39.875+0300][info][gc] GC(99) Garbage Collection (Proactive) 14M(78%)->12M(67%)
[2024-11-14T12:32:42.473+0300][info][gc] GC(100) Garbage Collection (Proactive) 14M(78%)->12M(67%)
[2024-11-14T12:32:44.680+0300][info][gc] GC(101) Garbage Collection (Proactive) 14M(78%)->12M(67%)
[2024-11-14T12:32:47.281+0300][info][gc] GC(102) Garbage Collection (Proactive) 14M(78%)->12M(67%)
[2024-11-14T12:32:49.891+0300][info][gc] GC(103) Garbage Collection (Proactive) 14M(78%)->12M(67%)
[2024-11-14T12:32:50.778+0300][info][gc] GC(104) Garbage Collection (Allocation Rate) 14M(78%)->12M(67%)
[2024-11-14T12:32:50.902+0300][info][gc] GC(105) Garbage Collection (Allocation Rate) 14M(78%)->12M(67%)
[2024-11-14T12:32:50.982+0300][info][gc] GC(106) Garbage Collection (Allocation Rate) 12M(67%)->12M(67%)
[2024-11-14T12:32:51.100+0300][info][gc] GC(107) Garbage Collection (Allocation Rate) 12M(67%)->12M(67%)
[2024-11-14T12:32:51.177+0300][info][gc] GC(108) Garbage Collection (Allocation Rate) 12M(67%)->12M(67%)
[2024-11-14T12:32:54.866+0300][info][gc] GC(109) Garbage Collection (Proactive) 14M(78%)->12M(67%)
[2024-11-14T12:32:56.073+0300][info][gc] GC(110) Garbage Collection (Allocation Rate) 14M(78%)->12M(67%)
[2024-11-14T12:32:58.670+0300][info][gc] GC(111) Garbage Collection (Proactive) 14M(78%)->12M(67%)
[2024-11-14T12:33:00.773+0300][info][gc] GC(112) Garbage Collection (Proactive) 14M(78%)->12M(67%)
[2024-11-14T12:33:02.879+0300][info][gc] GC(113) Garbage Collection (Proactive) 14M(78%)->12M(67%)
[2024-11-14T12:33:05.378+0300][info][gc] GC(114) Garbage Collection (Proactive) 14M(78%)->12M(67%)
[2024-11-14T12:33:07.774+0300][info][gc] GC(115) Garbage Collection (Proactive) 14M(78%)->12M(67%)
[2024-11-14T12:33:10.471+0300][info][gc] GC(116) Garbage Collection (Proactive) 14M(78%)->12M(67%)
[2024-11-14T12:33:12.673+0300][info][gc] GC(117) Garbage Collection (Proactive) 14M(78%)->12M(67%)
[2024-11-14T12:33:14.781+0300][info][gc] GC(118) Garbage Collection (Proactive) 14M(78%)->14M(78%)
[2024-11-14T12:33:29.767+0300][info][gc] GC(119) Garbage Collection (Allocation Rate) 16M(89%)->14M(78%)
[2024-11-14T12:33:29.878+0300][info][gc] GC(120) Garbage Collection (Allocation Rate) 14M(78%)->10M(56%)
[2024-11-14T12:33:32.578+0300][info][gc] GC(121) Garbage Collection (Proactive) 12M(67%)->12M(67%)
[2024-11-14T12:33:35.072+0300][info][gc] GC(122) Garbage Collection (Proactive) 14M(78%)->12M(67%)
[2024-11-14T12:33:37.279+0300][info][gc] GC(123) Garbage Collection (Proactive) 14M(78%)->12M(67%)
[2024-11-14T12:33:39.756+0300][info][gc] GC(124) Garbage Collection (Proactive) 14M(78%)->12M(67%)
[2024-11-14T12:33:53.475+0300][info][gc] GC(125) Garbage Collection (Allocation Rate) 16M(89%)->12M(67%)
[2024-11-14T12:33:53.911+0300][info][gc] GC(126) Garbage Collection (Allocation Rate) 14M(78%)->12M(67%)
[2024-11-14T12:33:53.974+0300][info][gc] GC(127) Garbage Collection (Allocation Rate) 12M(67%)->12M(67%)
[2024-11-14T12:33:54.077+0300][info][gc] GC(128) Garbage Collection (Allocation Rate) 12M(67%)->12M(67%)
[2024-11-14T12:33:54.885+0300][info][gc] GC(129) Garbage Collection (Allocation Rate) 14M(78%)->12M(67%)
[2024-11-14T12:33:58.973+0300][info][gc] GC(130) Garbage Collection (Proactive) 14M(78%)->12M(67%)
[2024-11-14T12:33:59.976+0300][info][gc] GC(131) Garbage Collection (Allocation Rate) 14M(78%)->12M(67%)
[2024-11-14T12:34:02.578+0300][info][gc] GC(132) Garbage Collection (Proactive) 14M(78%)->12M(67%)
[2024-11-14T12:34:04.873+0300][info][gc] GC(133) Garbage Collection (Proactive) 14M(78%)->10M(56%)
[2024-11-14T12:34:07.156+0300][info][gc] GC(134) Garbage Collection (Proactive) 12M(67%)->10M(56%)
[2024-11-14T12:34:09.758+0300][info][gc] GC(135) Garbage Collection (Proactive) 12M(67%)->12M(67%)
